------------------------------------------------------------------------------
RESULTS FOR THE UNIFORMITY OF P-VALUES AND THE PROPORTION OF PASSING SEQUENCES
------------------------------------------------------------------------------
   generator is <../nist_runs/7-349.bin>
------------------------------------------------------------------------------
 C1  C2  C3  C4  C5  C6  C7  C8  C9 C10  P-VALUE  PROPORTION  STATISTICAL TEST
------------------------------------------------------------------------------
 10   0   0   0   0   0   0   0   0   0  0.000000 *    1/10   *  Frequency
  0   0   0   0   0   0   0   0   0  10  0.000000 *   10/10      BlockFrequency
 10   0   0   0   0   0   0   0   0   0  0.000000 *    1/10   *  CumulativeSums
 10   0   0   0   0   0   0   0   0   0  0.000000 *    1/10   *  CumulativeSums
 10   0   0   0   0   0   0   0   0   0  0.000000 *    0/10   *  Runs
 10   0   0   0   0   0   0   0   0   0  0.000000 *    0/10   *  LongestRun
  1   2   0   0   1   2   2   0   1   1  0.739918     10/10      Rank
 10   0   0   0   0   0   0   0   0   0  0.000000 *    0/10   *  FFT
 10   0   0   0   0   0   0   0   0   0  0.000000 *    0/10   *  NonOverlappingTemplate
 10   0   0   0   0   0   0   0   0   0  0.000000 *    0/10   *  NonOverlappingTemplate
 10   0   0   0   0   0   0   0   0   0  0.000000 *    0/10   *  NonOverlappingTemplate
 10   0   0   0   0   0   0   0   0   0  0.000000 *    0/10   *  NonOverlappingTemplate
 10   0   0   0   0   0   0   0   0   0  0.000000 *    0/10   *  NonOverlappingTemplate
 10   0   0   0   0   0   0   0   0   0  0.000000 *    0/10   *  NonOverlappingTemplate
 10   0   0   0   0   0   0   0   0   0  0.000000 *    0/10   *  NonOverlappingTemplate
 10   0   0   0   0   0   0   0   0   0  0.000000 *    0/10   *  NonOverlappingTemplate
  7   1   2   0   0   0   0   0   0   0  0.000001 *    8/10      NonOverlappingTemplate
 10   0   0   0   0   0   0   0   0   0  0.000000 *    2/10   *  NonOverlappingTemplate
 10   0   0   0   0   0   0   0   0   0  0.000000 *    0/10   *  NonOverlappingTemplate
 10   0   0   0   0   0   0   0   0   0  0.000000 *    0/10   *  NonOverlappingTemplate
  9   1   0   0   0   0   0   0   0   0  0.000000 *    5/10   *  NonOverlappingTemplate
  7   1   2   0   0   0   0   0   0   0  0.000001 *    7/10   *  NonOverlappingTemplate
 10   0   0   0   0   0   0   0   0   0  0.000000 *    0/10   *  NonOverlappingTemplate
 10   0   0   0   0   0   0   0   0   0  0.000000 *    0/10   *  NonOverlappingTemplate
  9   1   0   0   0   0   0   0   0   0  0.000000 *    2/10   *  NonOverlappingTemplate
 10   0   0   0   0   0   0   0   0   0  0.000000 *    0/10   *  NonOverlappingTemplate
 10   0   0   0   0   0   0   0   0   0  0.000000 *    0/10   *  NonOverlappingTemplate
 10   0   0   0   0   0   0   0   0   0  0.000000 *    0/10   *  NonOverlappingTemplate
 10   0   0   0   0   0   0   0   0   0  0.000000 *    0/10   *  NonOverlappingTemplate
 10   0   0   0   0   0   0   0   0   0  0.000000 *    0/10   *  NonOverlappingTemplate
 10   0   0   0   0   0   0   0   0   0  0.000000 *    0/10   *  NonOverlappingTemplate
  7   1   0   0   2   0   0   0   0   0  0.000001 *    6/10   *  NonOverlappingTemplate
 10   0   0   0   0   0   0   0   0   0  0.000000 *    0/10   *  NonOverlappingTemplate
 10   0   0   0   0   0   0   0   0   0  0.000000 *    0/10   *  NonOverlappingTemplate
 10   0   0   0   0   0   0   0   0   0  0.000000 *    0/10   *  NonOverlappingTemplate
  1   1   0   4   2   1   0   1   0   0  0.122325      9/10      NonOverlappingTemplate
 10   0   0   0   0   0   0   0   0   0  0.000000 *    0/10   *  NonOverlappingTemplate
 10   0   0   0   0   0   0   0   0   0  0.000000 *    0/10   *  NonOverlappingTemplate
 10   0   0   0   0   0   0   0   0   0  0.000000 *    0/10   *  NonOverlappingTemplate
 10   0   0   0   0   0   0   0   0   0  0.000000 *    0/10   *  NonOverlappingTemplate
  2   2   3   1   0   1   0   0   1   0  0.350485     10/10      NonOverlappingTemplate
 10   0   0   0   0   0   0   0   0   0  0.000000 *    0/10   *  NonOverlappingTemplate
 10   0   0   0   0   0   0   0   0   0  0.000000 *    0/10   *  NonOverlappingTemplate
  1   0   2   1   1   1   0   1   2   1  0.911413     10/10      NonOverlappingTemplate
 10   0   0   0   0   0   0   0   0   0  0.000000 *    0/10   *  NonOverlappingTemplate
 10   0   0   0   0   0   0   0   0   0  0.000000 *    0/10   *  NonOverlappingTemplate
 10   0   0   0   0   0   0   0   0   0  0.000000 *    0/10   *  NonOverlappingTemplate
 10   0   0   0   0   0   0   0   0   0  0.000000 *    0/10   *  NonOverlappingTemplate
 10   0   0   0   0   0   0   0   0   0  0.000000 *    0/10   *  NonOverlappingTemplate
 10   0   0   0   0   0   0   0   0   0  0.000000 *    0/10   *  NonOverlappingTemplate
  1   1   1   1   1   1   1   1   0   2  0.991468     10/10      NonOverlappingTemplate
  1   1   2   1   1   0   0   0   3   1  0.534146     10/10      NonOverlappingTemplate
 10   0   0   0   0   0   0   0   0   0  0.000000 *    0/10   *  NonOverlappingTemplate
 10   0   0   0   0   0   0   0   0   0  0.000000 *    0/10   *  NonOverlappingTemplate
  9   0   0   0   0   0   0   1   0   0  0.000000 *    5/10   *  NonOverlappingTemplate
 10   0   0   0   0   0   0   0   0   0  0.000000 *    0/10   *  NonOverlappingTemplate
  2   4   0   0   0   1   0   0   3   0  0.017912      8/10      NonOverlappingTemplate
 10   0   0   0   0   0   0   0   0   0  0.000000 *    0/10   *  NonOverlappingTemplate
 10   0   0   0   0   0   0   0   0   0  0.000000 *    0/10   *  NonOverlappingTemplate
 10   0   0   0   0   0   0   0   0   0  0.000000 *    0/10   *  NonOverlappingTemplate
 10   0   0   0   0   0   0   0   0   0  0.000000 *    0/10   *  NonOverlappingTemplate
 10   0   0   0   0   0   0   0   0   0  0.000000 *    0/10   *  NonOverlappingTemplate
 10   0   0   0   0   0   0   0   0   0  0.000000 *    0/10   *  NonOverlappingTemplate
 10   0   0   0   0   0   0   0   0   0  0.000000 *    0/10   *  NonOverlappingTemplate
 10   0   0   0   0   0   0   0   0   0  0.000000 *    0/10   *  NonOverlappingTemplate
 10   0   0   0   0   0   0   0   0   0  0.000000 *    0/10   *  NonOverlappingTemplate
 10   0   0   0   0   0   0   0   0   0  0.000000 *    0/10   *  NonOverlappingTemplate
 10   0   0   0   0   0   0   0   0   0  0.000000 *    0/10   *  NonOverlappingTemplate
 10   0   0   0   0   0   0   0   0   0  0.000000 *    0/10   *  NonOverlappingTemplate
 10   0   0   0   0   0   0   0   0   0  0.000000 *    0/10   *  NonOverlappingTemplate
 10   0   0   0   0   0   0   0   0   0  0.000000 *    0/10   *  NonOverlappingTemplate
 10   0   0   0   0   0   0   0   0   0  0.000000 *    0/10   *  NonOverlappingTemplate
  4   1   2   0   0   0   0   0   2   1  0.066882     10/10      NonOverlappingTemplate
 10   0   0   0   0   0   0   0   0   0  0.000000 *    0/10   *  NonOverlappingTemplate
 10   0   0   0   0   0   0   0   0   0  0.000000 *    0/10   *  NonOverlappingTemplate
 10   0   0   0   0   0   0   0   0   0  0.000000 *    0/10   *  NonOverlappingTemplate
 10   0   0   0   0   0   0   0   0   0  0.000000 *    0/10   *  NonOverlappingTemplate
  2   1   1   1   1   0   2   1   1   0  0.911413      9/10      NonOverlappingTemplate
 10   0   0   0   0   0   0   0   0   0  0.000000 *    0/10   *  NonOverlappingTemplate
  9   0   0   0   0   0   1   0   0   0  0.000000 *    3/10   *  NonOverlappingTemplate
 10   0   0   0   0   0   0   0   0   0  0.000000 *    3/10   *  NonOverlappingTemplate
 10   0   0   0   0   0   0   0   0   0  0.000000 *    0/10   *  NonOverlappingTemplate
 10   0   0   0   0   0   0   0   0   0  0.000000 *    0/10   *  NonOverlappingTemplate
  6   0   1   1   0   1   0   0   1   0  0.000439      8/10      NonOverlappingTemplate
 10   0   0   0   0   0   0   0   0   0  0.000000 *    0/10   *  NonOverlappingTemplate
 10   0   0   0   0   0   0   0   0   0  0.000000 *    0/10   *  NonOverlappingTemplate
  8   1   0   0   0   0   0   0   0   1  0.000000 *    6/10   *  NonOverlappingTemplate
 10   0   0   0   0   0   0   0   0   0  0.000000 *    0/10   *  NonOverlappingTemplate
 10   0   0   0   0   0   0   0   0   0  0.000000 *    0/10   *  NonOverlappingTemplate
 10   0   0   0   0   0   0   0   0   0  0.000000 *    0/10   *  NonOverlappingTemplate
 10   0   0   0   0   0   0   0   0   0  0.000000 *    0/10   *  NonOverlappingTemplate
  1   0   0   0   2   3   3   0   1   0  0.122325     10/10      NonOverlappingTemplate
 10   0   0   0   0   0   0   0   0   0  0.000000 *    0/10   *  NonOverlappingTemplate
 10   0   0   0   0   0   0   0   0   0  0.000000 *    0/10   *  NonOverlappingTemplate
 10   0   0   0   0   0   0   0   0   0  0.000000 *    0/10   *  NonOverlappingTemplate
 10   0   0   0   0   0   0   0   0   0  0.000000 *    0/10   *  NonOverlappingTemplate
 10   0   0   0   0   0   0   0   0   0  0.000000 *    0/10   *  NonOverlappingTemplate
 10   0   0   0   0   0   0   0   0   0  0.000000 *    0/10   *  NonOverlappingTemplate
 10   0   0   0   0   0   0   0   0   0  0.000000 *    0/10   *  NonOverlappingTemplate
 10   0   0   0   0   0   0   0   0   0  0.000000 *    0/10   *  NonOverlappingTemplate
 10   0   0   0   0   0   0   0   0   0  0.000000 *    0/10   *  NonOverlappingTemplate
 10   0   0   0   0   0   0   0   0   0  0.000000 *    0/10   *  NonOverlappingTemplate
 10   0   0   0   0   0   0   0   0   0  0.000000 *    0/10   *  NonOverlappingTemplate
 10   0   0   0   0   0   0   0   0   0  0.000000 *    0/10   *  NonOverlappingTemplate
 10   0   0   0   0   0   0   0   0   0  0.000000 *    0/10   *  NonOverlappingTemplate
 10   0   0   0   0   0   0   0   0   0  0.000000 *    0/10   *  NonOverlappingTemplate
 10   0   0   0   0   0   0   0   0   0  0.000000 *    0/10   *  NonOverlappingTemplate
  9   0   0   0   0   0   1   0   0   0  0.000000 *    2/10   *  NonOverlappingTemplate
 10   0   0   0   0   0   0   0   0   0  0.000000 *    0/10   *  NonOverlappingTemplate
  8   0   2   0   0   0   0   0   0   0  0.000000 *    2/10   *  NonOverlappingTemplate
 10   0   0   0   0   0   0   0   0   0  0.000000 *    0/10   *  NonOverlappingTemplate
 10   0   0   0   0   0   0   0   0   0  0.000000 *    0/10   *  NonOverlappingTemplate
  6   3   0   0   0   0   0   0   0   1  0.000040 *    7/10   *  NonOverlappingTemplate
  3   5   0   1   0   0   1   0   0   0  0.002043      8/10      NonOverlappingTemplate
 10   0   0   0   0   0   0   0   0   0  0.000000 *    0/10   *  NonOverlappingTemplate
 10   0   0   0   0   0   0   0   0   0  0.000000 *    0/10   *  NonOverlappingTemplate
 10   0   0   0   0   0   0   0   0   0  0.000000 *    0/10   *  NonOverlappingTemplate
 10   0   0   0   0   0   0   0   0   0  0.000000 *    0/10   *  NonOverlappingTemplate
 10   0   0   0   0   0   0   0   0   0  0.000000 *    0/10   *  NonOverlappingTemplate
 10   0   0   0   0   0   0   0   0   0  0.000000 *    0/10   *  NonOverlappingTemplate
  9   0   1   0   0   0   0   0   0   0  0.000000 *    4/10   *  NonOverlappingTemplate
 10   0   0   0   0   0   0   0   0   0  0.000000 *    0/10   *  NonOverlappingTemplate
 10   0   0   0   0   0   0   0   0   0  0.000000 *    0/10   *  NonOverlappingTemplate
  1   2   0   2   1   2   1   1   0   0  0.739918     10/10      NonOverlappingTemplate
 10   0   0   0   0   0   0   0   0   0  0.000000 *    0/10   *  NonOverlappingTemplate
 10   0   0   0   0   0   0   0   0   0  0.000000 *    0/10   *  NonOverlappingTemplate
 10   0   0   0   0   0   0   0   0   0  0.000000 *    0/10   *  NonOverlappingTemplate
 10   0   0   0   0   0   0   0   0   0  0.000000 *    0/10   *  NonOverlappingTemplate
  0   3   1   0   0   1   2   1   0   2  0.350485     10/10      NonOverlappingTemplate
 10   0   0   0   0   0   0   0   0   0  0.000000 *    0/10   *  NonOverlappingTemplate
 10   0   0   0   0   0   0   0   0   0  0.000000 *    0/10   *  NonOverlappingTemplate
 10   0   0   0   0   0   0   0   0   0  0.000000 *    0/10   *  NonOverlappingTemplate
  3   1   0   1   0   4   0   0   0   1  0.035174      9/10      NonOverlappingTemplate
 10   0   0   0   0   0   0   0   0   0  0.000000 *    0/10   *  NonOverlappingTemplate
 10   0   0   0   0   0   0   0   0   0  0.000000 *    0/10   *  NonOverlappingTemplate
 10   0   0   0   0   0   0   0   0   0  0.000000 *    0/10   *  NonOverlappingTemplate
 10   0   0   0   0   0   0   0   0   0  0.000000 *    0/10   *  NonOverlappingTemplate
 10   0   0   0   0   0   0   0   0   0  0.000000 *    0/10   *  NonOverlappingTemplate
 10   0   0   0   0   0   0   0   0   0  0.000000 *    0/10   *  NonOverlappingTemplate
  5   0   0   0   1   1   0   0   0   3  0.002043      7/10   *  NonOverlappingTemplate
 10   0   0   0   0   0   0   0   0   0  0.000000 *    0/10   *  NonOverlappingTemplate
 10   0   0   0   0   0   0   0   0   0  0.000000 *    0/10   *  NonOverlappingTemplate
  0   1   1   3   1   0   0   3   1   0  0.213309     10/10      NonOverlappingTemplate
  3   2   0   1   2   0   2   0   0   0  0.213309      9/10      NonOverlappingTemplate
 10   0   0   0   0   0   0   0   0   0  0.000000 *    0/10   *  NonOverlappingTemplate
 10   0   0   0   0   0   0   0   0   0  0.000000 *    0/10   *  NonOverlappingTemplate
  6   0   0   0   0   2   1   0   0   1  0.000199      6/10   *  NonOverlappingTemplate
 10   0   0   0   0   0   0   0   0   0  0.000000 *    2/10   *  NonOverlappingTemplate
 10   0   0   0   0   0   0   0   0   0  0.000000 *    0/10   *  NonOverlappingTemplate
 10   0   0   0   0   0   0   0   0   0  0.000000 *    0/10   *  NonOverlappingTemplate
 10   0   0   0   0   0   0   0   0   0  0.000000 *    0/10   *  NonOverlappingTemplate
  9   0   0   1   0   0   0   0   0   0  0.000000 *    3/10   *  NonOverlappingTemplate
 10   0   0   0   0   0   0   0   0   0  0.000000 *    0/10   *  NonOverlappingTemplate
 10   0   0   0   0   0   0   0   0   0  0.000000 *    0/10   *  NonOverlappingTemplate
 10   0   0   0   0   0   0   0   0   0  0.000000 *    0/10   *  NonOverlappingTemplate
 10   0   0   0   0   0   0   0   0   0  0.000000 *    0/10   *  NonOverlappingTemplate
 10   0   0   0   0   0   0   0   0   0  0.000000 *    0/10   *  OverlappingTemplate
 10   0   0   0   0   0   0   0   0   0  0.000000 *    0/10   *  Universal
 10   0   0   0   0   0   0   0   0   0  0.000000 *    0/10   *  ApproximateEntropy
  0   0   0   0   0   0   0   0   0   0     ----     ------     RandomExcursions
  0   0   0   0   0   0   0   0   0   0     ----     ------     RandomExcursions
  0   0   0   0   0   0   0   0   0   0     ----     ------     RandomExcursions
  0   0   0   0   0   0   0   0   0   0     ----     ------     RandomExcursions
  0   0   0   0   0   0   0   0   0   0     ----     ------     RandomExcursions
  0   0   0   0   0   0   0   0   0   0     ----     ------     RandomExcursions
  0   0   0   0   0   0   0   0   0   0     ----     ------     RandomExcursions
  0   0   0   0   0   0   0   0   0   0     ----     ------     RandomExcursions
  0   0   0   0   0   0   0   0   0   0     ----     ------     RandomExcursionsVariant
  0   0   0   0   0   0   0   0   0   0     ----     ------     RandomExcursionsVariant
  0   0   0   0   0   0   0   0   0   0     ----     ------     RandomExcursionsVariant
  0   0   0   0   0   0   0   0   0   0     ----     ------     RandomExcursionsVariant
  0   0   0   0   0   0   0   0   0   0     ----     ------     RandomExcursionsVariant
  0   0   0   0   0   0   0   0   0   0     ----     ------     RandomExcursionsVariant
  0   0   0   0   0   0   0   0   0   0     ----     ------     RandomExcursionsVariant
  0   0   0   0   0   0   0   0   0   0     ----     ------     RandomExcursionsVariant
  0   0   0   0   0   0   0   0   0   0     ----     ------     RandomExcursionsVariant
  0   0   0   0   0   0   0   0   0   0     ----     ------     RandomExcursionsVariant
  0   0   0   0   0   0   0   0   0   0     ----     ------     RandomExcursionsVariant
  0   0   0   0   0   0   0   0   0   0     ----     ------     RandomExcursionsVariant
  0   0   0   0   0   0   0   0   0   0     ----     ------     RandomExcursionsVariant
  0   0   0   0   0   0   0   0   0   0     ----     ------     RandomExcursionsVariant
  0   0   0   0   0   0   0   0   0   0     ----     ------     RandomExcursionsVariant
  0   0   0   0   0   0   0   0   0   0     ----     ------     RandomExcursionsVariant
  0   0   0   0   0   0   0   0   0   0     ----     ------     RandomExcursionsVariant
  0   0   0   0   0   0   0   0   0   0     ----     ------     RandomExcursionsVariant
 10   0   0   0   0   0   0   0   0   0  0.000000 *    0/10   *  Serial
 10   0   0   0   0   0   0   0   0   0  0.000000 *    0/10   *  Serial
  0   0   2   2   2   1   0   2   1   0  0.534146     10/10      LinearComplexity


- - - - - - - - - - - - - - - - - - - - - - - - - - - - - - - - - - - - - - - - -
The minimum pass rate for each statistical test with the exception of the
random excursion (variant) test is approximately = 8 for a
sample size = 10 binary sequences.

The minimum pass rate for the random excursion (variant) test is undefined.

For further guidelines construct a probability table using the MAPLE program
provided in the addendum section of the documentation.
- - - - - - - - - - - - - - - - - - - - - - - - - - - - - - - - - - - - - - - - -
